// Jest Snapshot v1, https://goo.gl/fbAQLP

exports[`Typescript 3.9 detects errors 1`] = `"31:9 - Type 'undefined' is not assignable to type 'HyphenateCharacter'."`;

exports[`Typescript 3.9 detects errors 2`] = `
"48:2 - Type '{ unknownProperty: number; }' is not assignable to type 'Properties<0 | (string & {}), string & {}>'.
  Object literal may only specify known properties, and 'unknownProperty' does not exist in type 'Properties<0 | (string & {}), string & {}>'."
`;

exports[`Typescript 3.9 detects errors 3`] = `"52:11 - Type 'number' is not assignable to type 'string'."`;

exports[`Typescript 3.9 detects errors 4`] = `"53:10 - Type 'number' is not assignable to type 'string'."`;

exports[`Typescript 3.9 detects errors 5`] = `
"58:6 - Type '{}' is not assignable to type 'string & {}'.
  Type '{}' is not assignable to type 'string'."
`;

exports[`Typescript 3.9 detects errors 6`] = `
"63:10 - Type 'Range' is not assignable to type '\\"auto\\"'.
  Type 'string & {}' is not assignable to type '\\"auto\\"'."
`;

exports[`Typescript 3.9 detects errors 7`] = `"70:6 - Type '1' is not assignable to type 'string | 0'."`;

exports[`Typescript 3.9 detects errors 8`] = `"82:23 - This condition will always return 'false' since the types 'string | 0 | (string | 0)[]' and '1' have no overlap."`;

exports[`Typescript 3.9 detects errors 9`] = `"96:25 - This condition will always return 'false' since the types 'string | 0' and '1' have no overlap."`;

exports[`Typescript 3.9 detects errors 10`] = `"106:14 - Argument of type '1' is not assignable to parameter of type 'string | 0 | (string | 0)[]'."`;

exports[`Typescript 3.9 detects errors 11`] = `"107:15 - Type '1' is not assignable to type 'string | 0'."`;

exports[`Typescript 3.9 detects errors 12`] = `"120:23 - This condition will always return 'false' since the types 'string | 0 | (string | 0)[]' and '1' have no overlap."`;

exports[`Typescript 3.9 detects errors 13`] = `"134:25 - This condition will always return 'false' since the types 'string | 0' and '1' have no overlap."`;

exports[`Typescript 3.9 detects errors 14`] = `"144:34 - Argument of type '1' is not assignable to parameter of type '0 | \\"auto\\" | \\"inherit\\" | (string & {}) | \\"-moz-initial\\" | \\"initial\\" | \\"revert\\" | \\"revert-layer\\" | \\"unset\\" | \\"-moz-fit-content\\" | \\"-moz-max-content\\" | \\"-moz-min-content\\" | \\"fit-content\\" | ... 6 more ... | [...]'."`;

exports[`Typescript 3.9 detects errors 15`] = `"145:35 - Type '1' is not assignable to type 'Width<0 | (string & {})>'."`;
